🚀 Building Fill That PDF! - PRO and Standard Versions
========================================================

✅ Apple Developer credentials configured
   Email: alexthebritgordon@gmail.com
   Team ID: 9VRW78GQHM

📦 Step 1: Installing npm dependencies...

> fill-that-pdf@1.0.0 postinstall
> electron-builder install-app-deps

  • electron-builder  version=24.13.3
  • loaded configuration  file=package.json ("build" field)

up to date, audited 364 packages in 951ms

58 packages are looking for funding
  run `npm fund` for details

7 vulnerabilities (2 moderate, 5 high)

To address issues that do not require attention, run:
  npm audit fix

To address all issues (including breaking changes), run:
  npm audit fix --force

Run `npm audit` for details.
✅ npm dependencies installed

🧹 Step 2: Cleaning previous builds...
✅ Build directory cleaned

🔨 Step 3: Building PRO version...
==================================
❌ PRO build failed! Check build_log_pro.txt for details

🔧 Building FillThatPDF! PRO version...

✅ Set isPro = true
✅ Set isDemo = false
✅ Updated package.json for PRO

📦 Running electron-builder...

  • electron-builder  version=24.13.3 os=24.6.0
  • loaded configuration  file=package.json ("build" field)
  • packaging       platform=darwin arch=x64 electron=28.3.3 appOutDir=dist/mac-universal-x64-temp
  • packaging       platform=darwin arch=arm64 electron=28.3.3 appOutDir=dist/mac-universal-arm64-temp
  • packaging       platform=darwin arch=universal electron=28.3.3 appOutDir=dist/mac-universal
  • signing         file=dist/mac-universal/Fill That PDF! PRO.app platform=darwin type=distribution identity=E8934069A73A7841583014D9461E31188D2358CB provisioningProfile=none
  ⨯ Command failed: codesign --sign E8934069A73A7841583014D9461E31188D2358CB --force --timestamp --options runtime --entitlements build/entitlements.mac.plist /Users/36981/Desktop/PDFTest/FILLABLE TESTING 2/FillThatPDF_Optimized_v7/dist/mac-universal/Fill That PDF! PRO.app/Contents/Frameworks/Electron Framework.framework/Versions/A/Resources/zh_CN.lproj/locale.pak
/Users/36981/Desktop/PDFTest/FILLABLE TESTING 2/FillThatPDF_Optimized_v7/dist/mac-universal/Fill That PDF! PRO.app/Contents/Frameworks/Electron Framework.framework/Versions/A/Resources/zh_CN.lproj/locale.pak: No such file or directory
  failedTask=build stackTrace=Error: Command failed: codesign --sign E8934069A73A7841583014D9461E31188D2358CB --force --timestamp --options runtime --entitlements build/entitlements.mac.plist /Users/36981/Desktop/PDFTest/FILLABLE TESTING 2/FillThatPDF_Optimized_v7/dist/mac-universal/Fill That PDF! PRO.app/Contents/Frameworks/Electron Framework.framework/Versions/A/Resources/zh_CN.lproj/locale.pak
/Users/36981/Desktop/PDFTest/FILLABLE TESTING 2/FillThatPDF_Optimized_v7/dist/mac-universal/Fill That PDF! PRO.app/Contents/Frameworks/Electron Framework.framework/Versions/A/Resources/zh_CN.lproj/locale.pak: No such file or directory
                                                                                                                                                                                                                                                                                                                                                                                                                                                                                                                                                                                                                                  at genericNodeError (node:internal/errors:998:15)
    at wrappedFn (node:internal/errors:543:14)
    at ChildProcess.exithandler (node:child_process:417:12)
    at ChildProcess.emit (node:events:508:28)
    at maybeClose (node:internal/child_process:1085:16)
    at Process.ChildProcess._handle.onexit (node:internal/child_process:304:5)
From previous event:
    at processImmediate (node:internal/timers:504:21)
From previous event:
    at readDirectoryAndSign (/Users/36981/Desktop/PDFTest/FILLABLE TESTING 2/FillThatPDF_Optimized_v7/node_modules/app-builder-lib/src/macPackager.ts:478:29)
    at MacPackager.signApp (/Users/36981/Desktop/PDFTest/FILLABLE TESTING 2/FillThatPDF_Optimized_v7/node_modules/app-builder-lib/src/macPackager.ts:488:11)
    at MacPackager.doSignAfterPack (/Users/36981/Desktop/PDFTest/FILLABLE TESTING 2/FillThatPDF_Optimized_v7/node_modules/app-builder-lib/src/platformPackager.ts:336:21)
    at MacPackager.doPack (/Users/36981/Desktop/PDFTest/FILLABLE TESTING 2/FillThatPDF_Optimized_v7/node_modules/app-builder-lib/src/macPackager.ts:163:9)
    at MacPackager.pack (/Users/36981/Desktop/PDFTest/FILLABLE TESTING 2/FillThatPDF_Optimized_v7/node_modules/app-builder-lib/src/macPackager.ts:198:9)
    at Packager.doBuild (/Users/36981/Desktop/PDFTest/FILLABLE TESTING 2/FillThatPDF_Optimized_v7/node_modules/app-builder-lib/src/packager.ts:445:9)
    at executeFinally (/Users/36981/Desktop/PDFTest/FILLABLE TESTING 2/FillThatPDF_Optimized_v7/node_modules/builder-util/src/promise.ts:12:14)
    at Packager._build (/Users/36981/Desktop/PDFTest/FILLABLE TESTING 2/FillThatPDF_Optimized_v7/node_modules/app-builder-lib/src/packager.ts:379:31)
    at Packager.build (/Users/36981/Desktop/PDFTest/FILLABLE TESTING 2/FillThatPDF_Optimized_v7/node_modules/app-builder-lib/src/packager.ts:340:12)
    at executeFinally (/Users/36981/Desktop/PDFTest/FILLABLE TESTING 2/FillThatPDF_Optimized_v7/node_modules/builder-util/src/promise.ts:12:14)
❌ Build failed: Command failed: npx electron-builder --mac dmg --universal
